---
source: tests/generated_from_inputs.rs
description: "// Author: Jacek Tomaszewski 277663\n// void parameter type\n\nint main() {\n   return 0;\n}\n\nint f(void x) {\n   return 2;\n}"
---
[31mError:[0m Type error
   [38;5;246mâ•­[0m[38;5;246mâ”€[0m[38;5;246m[[0mfunction_with_void_argument:8:7[38;5;246m][0m
   [38;5;246mâ”‚[0m
 [38;5;246m8 â”‚[0m [38;5;249mi[0m[38;5;249mn[0m[38;5;249mt[0m[38;5;249m [0m[38;5;249mf[0m[38;5;249m([0m[31mv[0m[31mo[0m[31mi[0m[31md[0m[31m [0m[31mx[0m[38;5;249m)[0m[38;5;249m [0m[38;5;249m{[0m
 [38;5;246m  Â·[0m       [31mâ”€[0m[31mâ”€[0m[31mâ”€[0m[31mâ”¬[0m[31mâ”€[0m[31mâ”€[0m  
 [38;5;246m  Â·[0m          [31mâ•°[0m[31mâ”€[0m[31mâ”€[0m[31mâ”€[0m[31mâ”€[0m Cannot assign to void variable
[38;5;246mâ”€â”€â”€â•¯[0m
[31mError:[0m Type error
   [38;5;246mâ•­[0m[38;5;246mâ”€[0m[38;5;246m[[0mfunction_with_void_argument:8:7[38;5;246m][0m
   [38;5;246mâ”‚[0m
 [38;5;246m8 â”‚[0m [38;5;249mi[0m[38;5;249mn[0m[38;5;249mt[0m[38;5;249m [0m[38;5;249mf[0m[38;5;249m([0m[31mv[0m[31mo[0m[31mi[0m[31md[0m[31m [0m[31mx[0m[38;5;249m)[0m[38;5;249m [0m[38;5;249m{[0m
 [38;5;246m  Â·[0m       [31mâ”€[0m[31mâ”€[0m[31mâ”€[0m[31mâ”¬[0m[31mâ”€[0m[31mâ”€[0m  
 [38;5;246m  Â·[0m          [31mâ•°[0m[31mâ”€[0m[31mâ”€[0m[31mâ”€[0m[31mâ”€[0m Cannot assign to void variable
[38;5;246mâ”€â”€â”€â•¯[0m

