---
source: tests/generated_from_inputs.rs
description: "// Calling functions which take zero parameters\n\nint main() {\n int x = foo();\n printInt(x);\n return 0 ;\n\n}\n\nint foo() {\n return 10;\n}\n\n"
---
; ModuleID = 'core009'
source_filename = "core009"

%string = type { ptr, i32, i32 }

@dnl = private unnamed_addr constant [4 x i8] c"%d\0A\00", align 1
@snl = private unnamed_addr constant [6 x i8] c"%.*s\0A\00", align 1

declare i32 @printf(ptr, ...)

define void @printInt(i32 %0) {
entry:
  %call = call i32 (ptr, ...) @printf(ptr @dnl, i32 %0)
  ret void
}

define void @printString(ptr %0) {
entry:
  %buf_ptr = getelementptr inbounds %string, ptr %0, i32 0, i32 0
  %len_ptr = getelementptr inbounds %string, ptr %0, i32 0, i32 1
  %buf = load i8, ptr %buf_ptr, align 1
  %len = load i32, ptr %len_ptr, align 4
  %call = call i32 (ptr, ...) @printf(ptr @snl, i32 %len, i8 %buf)
  ret void
}

define i32 @foo() {
b0:
  ret i32 10
}

define i32 @main() {
b0:
  %foo = call i32 @foo()
  call void @printInt(i32 %foo)
  ret i32 0
}

