---
source: tests/generated_from_inputs.rs
description: "int main() {\n\tprintInt(fac(10));\n\tprintInt(rfac(10));\n\tprintInt(mfac(10));\n        printInt(ifac(10));\n        string r ; // just to test blocks \n\t{\n\t  int n = 10;\n\t  int r = 1;\n\t  while (n>0) {\n\t    r = r * n;\n\t    n--;\n\t  }\n\t  printInt(r);\n\t}\n\tprintString (repStr(\"=\",60));\n\tprintString (\"hello */\");\n        printString (\"/* world\") ;\n        return 0 ;\n}\n\nint fac(int a) {\n\tint r;\n\tint n;\n\n\tr = 1;\n\tn = a;\n\twhile (n > 0) {\n\t  r = r * n;\n\t  n = n - 1;\n\t}\n\treturn r;\n}\n\nint rfac(int n) {\n\tif (n == 0)\n\t  return 1;\n\telse\n\t  return n * rfac(n-1);\n}\n\nint mfac(int n) {\n\tif (n == 0)\n\t  return 1;\n\telse\n\t  return n * nfac(n-1);\n}\n\nint nfac(int n) {\n\tif (n != 0)\n\t  return mfac(n-1) * n;\n\telse\n\t  return 1;\n}\n\nint ifac(int n) { return ifac2f(1,n); }\n\nint ifac2f(int l, int h) {\n        if (l == h)\n          return l;\n        if (l > h)\n          return 1;\n        int m;\n        m = (l + h) / 2;\n        return ifac2f(l,m) * ifac2f(m+1,h);\n}\n\nstring repStr(string s, int n) {\n  string r = \"\";\n  int i = 0;\n  while(i<n) {\n    r = r + s;\n    i++;\n  }\n return r;\n}"
---

