---
source: tests/generated_from_inputs.rs
description: "int main() {\n  f(1,2);\n  return 0;\n}\n\nvoid f(int x, int y) {\n  if (y > x || e())\n    printString(\"yes\");\n}\n\nboolean e() {\n  printString(\"NOOO\");\n  return false;\n  }\n\n"
---
; ModuleID = 'core024'
source_filename = "core024"

%string = type { ptr, i32, i32 }

@dnl = private unnamed_addr constant [4 x i8] c"%d\0A\00", align 1
@snl = private unnamed_addr constant [6 x i8] c"%.*s\0A\00", align 1

declare i32 @printf(ptr, ...)

define void @printInt(i32 %0) {
entry:
  %call = call i32 (ptr, ...) @printf(ptr @dnl, i32 %0)
  ret void
}

define void @printString(ptr %0) {
entry:
  %buf_ptr = getelementptr inbounds %string, ptr %0, i32 0, i32 0
  %len_ptr = getelementptr inbounds %string, ptr %0, i32 0, i32 1
  %buf = load ptr, ptr %buf_ptr, align 8
  %len = load i32, ptr %len_ptr, align 4
  %call = call i32 (ptr, ...) @printf(ptr @snl, i32 %len, ptr %buf)
  ret void
}

define i1 @e() {
b0:
  %buf = tail call ptr @malloc(i32 mul (i32 ptrtoint (ptr getelementptr (i8, ptr null, i32 1) to i32), i32 4))
  store [4 x i8] c"NOOO", ptr %buf, align 1
  %string = tail call ptr @malloc(i32 ptrtoint (ptr getelementptr (%string, ptr null, i32 1) to i32))
  %buf_ptr = getelementptr inbounds %string, ptr %string, i32 0, i32 0
  %len_ptr = getelementptr inbounds %string, ptr %string, i32 0, i32 1
  %len_ptr1 = getelementptr inbounds %string, ptr %string, i32 0, i32 2
  store ptr %buf, ptr %buf_ptr, align 8
  store i32 4, ptr %len_ptr, align 4
  store i32 4, ptr %len_ptr1, align 4
  call void @printString(ptr %string)
  ret i1 false
}

define void @f(i32 %0, i32 %1) {
b0:
  %v2 = icmp sgt i32 %1, %0
  %e = call i1 @e()
  %v4 = or i1 %v2, %e
  br i1 %v4, label %b1, label %b2

b1:                                               ; preds = %b0
  %buf = tail call ptr @malloc(i32 mul (i32 ptrtoint (ptr getelementptr (i8, ptr null, i32 1) to i32), i32 3))
  store [3 x i8] c"yes", ptr %buf, align 1
  %string = tail call ptr @malloc(i32 ptrtoint (ptr getelementptr (%string, ptr null, i32 1) to i32))
  %buf_ptr = getelementptr inbounds %string, ptr %string, i32 0, i32 0
  %len_ptr = getelementptr inbounds %string, ptr %string, i32 0, i32 1
  %len_ptr1 = getelementptr inbounds %string, ptr %string, i32 0, i32 2
  store ptr %buf, ptr %buf_ptr, align 8
  store i32 3, ptr %len_ptr, align 4
  store i32 3, ptr %len_ptr1, align 4
  call void @printString(ptr %string)
  br label %b2

b2:                                               ; preds = %b1, %b0
  ret void
}

define i32 @main() {
b0:
  call void @f(i32 1, i32 2)
  ret i32 0
}

declare noalias ptr @malloc(i32)

