---
source: tests/generated_from_inputs.rs
description: "// Autor: Tomasz Wysocki 277696\nint main() {\n    printString(\"abc\");\n    return 0;\n}\n"
---

