---
source: tests/generated_from_inputs.rs
description: "// Assigning int to string variable.\n\nint main () {\n string x;\n x = 1;\n return 0 ;\n}"
---
[31mError:[0m Type error
   [38;5;246mâ•­[0m[38;5;246mâ”€[0m[38;5;246m[[0mbad027:5:6[38;5;246m][0m
   [38;5;246mâ”‚[0m
 [38;5;246m5 â”‚[0m [38;5;249m [0m[38;5;249mx[0m[38;5;249m [0m[38;5;249m=[0m[38;5;249m [0m[31m1[0m[38;5;249m;[0m
 [38;5;240m  â”‚[0m      [31mâ”¬[0m  
 [38;5;240m  â”‚[0m      [31mâ•°[0m[31mâ”€[0m[31mâ”€[0m Type mismatch: expected `string`, found `int`
[38;5;246mâ”€â”€â”€â•¯[0m

