---
source: tests/generated_from_inputs.rs
description: "// Author: Tomasz Biczel 277568\nint main() {\n  string x;\n  x = \"asd\" - \"ewq\";\n  return 0;\n}"
---
[31mError:[0m Type error
   [38;5;246mâ•­[0m[38;5;246mâ”€[0m[38;5;246m[[0mstring_sub:4:7[38;5;246m][0m
   [38;5;246mâ”‚[0m
 [38;5;246m4 â”‚[0m [38;5;249m [0m[38;5;249m [0m[38;5;249mx[0m[38;5;249m [0m[38;5;249m=[0m[38;5;249m [0m[31m"[0m[31ma[0m[31ms[0m[31md[0m[31m"[0m[38;5;249m [0m[38;5;249m-[0m[38;5;249m [0m[38;5;249m"[0m[38;5;249me[0m[38;5;249mw[0m[38;5;249mq[0m[38;5;249m"[0m[38;5;249m;[0m
 [38;5;246m  Â·[0m       [31mâ”€[0m[31mâ”€[0m[31mâ”¬[0m[31mâ”€[0m[31mâ”€[0m  
 [38;5;246m  Â·[0m         [31mâ•°[0m[31mâ”€[0m[31mâ”€[0m[31mâ”€[0m[31mâ”€[0m Type mismatch: expected `int`, found `string`
[38;5;246mâ”€â”€â”€â•¯[0m

