---
source: tests/generated_from_inputs.rs
description: "// passing string to printInt().\n\nint main() {\n\tprintInt(\"foo\");\n\treturn 0 ;\n}\n"
---
[31mError:[0m Type error
   [38;5;246mâ•­[0m[38;5;246mâ”€[0m[38;5;246m[[0mbad015:4:11[38;5;246m][0m
   [38;5;246mâ”‚[0m
 [38;5;246m4 â”‚[0m [38;5;249m [0m[38;5;249m [0m[38;5;249m [0m[38;5;249m [0m[38;5;249mp[0m[38;5;249mr[0m[38;5;249mi[0m[38;5;249mn[0m[38;5;249mt[0m[38;5;249mI[0m[38;5;249mn[0m[38;5;249mt[0m[38;5;249m([0m[31m"[0m[31mf[0m[31mo[0m[31mo[0m[31m"[0m[38;5;249m)[0m[38;5;249m;[0m
 [38;5;240m  â”‚[0m              [31mâ”€[0m[31mâ”€[0m[31mâ”¬[0m[31mâ”€[0m[31mâ”€[0m  
 [38;5;240m  â”‚[0m                [31mâ•°[0m[31mâ”€[0m[31mâ”€[0m[31mâ”€[0m[31mâ”€[0m Type mismatch: expected `int`, found `string`
[38;5;246mâ”€â”€â”€â•¯[0m

