---
source: tests/generated_from_inputs.rs
description: "/*\n"
---
[31mError:[0m Syntax error
   [38;5;246mâ•­[0m[38;5;246mâ”€[0m[38;5;246m[[0mbad001:1:1[38;5;246m][0m
   [38;5;246mâ”‚[0m
 [38;5;246m1 â”‚[0m [31m/[0m[31m*[0m
 [38;5;246m  Â·[0m [31mâ”€[0m[31mâ”¬[0m[31mâ”€[0m  
 [38;5;246m  Â·[0m  [31mâ•°[0m[31mâ”€[0m[31mâ”€[0m[31mâ”€[0m Lexing error
[38;5;246mâ”€â”€â”€â•¯[0m

