---
source: tests/generated_from_inputs.rs
description: "// Author: Tomasz Wysocki 277696\nint main() {\n    run();\n    return 0;\n}\n\nvoid run() {\n    printInt(0);\n    if(true)\n        return;\n    printInt(1);\n}\n"
---
; ModuleID = 'void_return'
source_filename = "void_return"

%string = type { ptr, i32, i32 }

@dnl = private unnamed_addr constant [4 x i8] c"%d\0A\00", align 1
@snl = private unnamed_addr constant [6 x i8] c"%.*s\0A\00", align 1

declare i32 @printf(ptr, ...)

define void @printInt(i32 %0) {
entry:
  %call = call i32 (ptr, ...) @printf(ptr @dnl, i32 %0)
  ret void
}

define void @printString(ptr %0) {
entry:
  %buf_ptr = getelementptr inbounds %string, ptr %0, i32 0, i32 0
  %len_ptr = getelementptr inbounds %string, ptr %0, i32 0, i32 1
  %buf = load ptr, ptr %buf_ptr, align 8
  %len = load i32, ptr %len_ptr, align 4
  %call = call i32 (ptr, ...) @printf(ptr @snl, i32 %len, ptr %buf)
  ret void
}

define i32 @main() {
b0:
  call void @run()
  ret i32 0
}

define void @run() {
b0:
  call void @printInt(i32 0)
  ret void
}

