---
source: tests/generated_from_inputs.rs
description: "// Author: Tomasz Wysocki 277696\nint main() {\n    int i = 999999999999999999999999999999999999999999999999999999999999;\n    return 0;\n}\n"
---
[31mError:[0m Syntax error
   [38;5;246mâ•­[0m[38;5;246mâ”€[0m[38;5;246m[[0mbig_number:3:13[38;5;246m][0m
   [38;5;246mâ”‚[0m
 [38;5;246m3 â”‚[0m [38;5;249m [0m[38;5;249m [0m[38;5;249m [0m[38;5;249m [0m[38;5;249mi[0m[38;5;249mn[0m[38;5;249mt[0m[38;5;249m [0m[38;5;249mi[0m[38;5;249m [0m[38;5;249m=[0m[38;5;249m [0m[31m9[0m[31m9[0m[31m9[0m[31m9[0m[31m9[0m[31m9[0m[31m9[0m[31m9[0m[31m9[0m[31m9[0m[31m9[0m[31m9[0m[31m9[0m[31m9[0m[31m9[0m[31m9[0m[31m9[0m[31m9[0m[31m9[0m[31m9[0m[31m9[0m[31m9[0m[31m9[0m[31m9[0m[31m9[0m[31m9[0m[31m9[0m[31m9[0m[31m9[0m[31m9[0m[31m9[0m[31m9[0m[31m9[0m[31m9[0m[31m9[0m[31m9[0m[31m9[0m[31m9[0m[31m9[0m[31m9[0m[31m9[0m[31m9[0m[31m9[0m[31m9[0m[31m9[0m[31m9[0m[31m9[0m[31m9[0m[31m9[0m[31m9[0m[31m9[0m[31m9[0m[31m9[0m[31m9[0m[31m9[0m[31m9[0m[31m9[0m[31m9[0m[31m9[0m[31m9[0m[38;5;249m;[0m
 [38;5;246m  Â·[0m             [31mâ”€[0m[31mâ”€[0m[31mâ”€[0m[31mâ”€[0m[31mâ”€[0m[31mâ”€[0m[31mâ”€[0m[31mâ”€[0m[31mâ”€[0m[31mâ”€[0m[31mâ”€[0m[31mâ”€[0m[31mâ”€[0m[31mâ”€[0m[31mâ”€[0m[31mâ”€[0m[31mâ”€[0m[31mâ”€[0m[31mâ”€[0m[31mâ”€[0m[31mâ”€[0m[31mâ”€[0m[31mâ”€[0m[31mâ”€[0m[31mâ”€[0m[31mâ”€[0m[31mâ”€[0m[31mâ”€[0m[31mâ”€[0m[31mâ”€[0m[31mâ”¬[0m[31mâ”€[0m[31mâ”€[0m[31mâ”€[0m[31mâ”€[0m[31mâ”€[0m[31mâ”€[0m[31mâ”€[0m[31mâ”€[0m[31mâ”€[0m[31mâ”€[0m[31mâ”€[0m[31mâ”€[0m[31mâ”€[0m[31mâ”€[0m[31mâ”€[0m[31mâ”€[0m[31mâ”€[0m[31mâ”€[0m[31mâ”€[0m[31mâ”€[0m[31mâ”€[0m[31mâ”€[0m[31mâ”€[0m[31mâ”€[0m[31mâ”€[0m[31mâ”€[0m[31mâ”€[0m[31mâ”€[0m[31mâ”€[0m  
 [38;5;246m  Â·[0m                                           [31mâ•°[0m[31mâ”€[0m[31mâ”€[0m[31mâ”€[0m[31mâ”€[0m[31mâ”€[0m[31mâ”€[0m[31mâ”€[0m[31mâ”€[0m[31mâ”€[0m[31mâ”€[0m[31mâ”€[0m[31mâ”€[0m[31mâ”€[0m[31mâ”€[0m[31mâ”€[0m[31mâ”€[0m[31mâ”€[0m[31mâ”€[0m[31mâ”€[0m[31mâ”€[0m[31mâ”€[0m[31mâ”€[0m[31mâ”€[0m[31mâ”€[0m[31mâ”€[0m[31mâ”€[0m[31mâ”€[0m[31mâ”€[0m[31mâ”€[0m[31mâ”€[0m[31mâ”€[0m Number too long
[38;5;246mâ”€â”€â”€â•¯[0m

