---
source: tests/generated_from_inputs.rs
description: "// Repeated argument name\nint f(int x, int x) {\n   return x;\n}"
---
[31mError:[0m Type error
   [38;5;246mâ•­[0m[38;5;246mâ”€[0m[38;5;246m[[0mbad003:2:18[38;5;246m][0m
   [38;5;246mâ”‚[0m
 [38;5;246m2 â”‚[0m [38;5;249mi[0m[38;5;249mn[0m[38;5;249mt[0m[38;5;249m [0m[38;5;249mf[0m[38;5;249m([0m[38;5;249mi[0m[38;5;249mn[0m[38;5;249mt[0m[38;5;249m [0m[38;5;249mx[0m[38;5;249m,[0m[38;5;249m [0m[38;5;249mi[0m[38;5;249mn[0m[38;5;249mt[0m[38;5;249m [0m[31mx[0m[38;5;249m)[0m[38;5;249m [0m[38;5;249m{[0m
 [38;5;240m  â”‚[0m                  [31mâ”¬[0m  
 [38;5;240m  â”‚[0m                  [31mâ•°[0m[31mâ”€[0m[31mâ”€[0m Duplicate argument `x`
[38;5;246mâ”€â”€â”€â•¯[0m
[31mError:[0m Type error
   [38;5;246mâ•­[0m[38;5;246mâ”€[0m[38;5;246m[[0mbad003:2:18[38;5;246m][0m
   [38;5;246mâ”‚[0m
 [38;5;246m2 â”‚[0m [38;5;249mi[0m[38;5;249mn[0m[38;5;249mt[0m[38;5;249m [0m[38;5;249mf[0m[38;5;249m([0m[38;5;249mi[0m[38;5;249mn[0m[38;5;249mt[0m[38;5;249m [0m[38;5;249mx[0m[38;5;249m,[0m[38;5;249m [0m[38;5;249mi[0m[38;5;249mn[0m[38;5;249mt[0m[38;5;249m [0m[31mx[0m[38;5;249m)[0m[38;5;249m [0m[38;5;249m{[0m
 [38;5;240m  â”‚[0m                  [31mâ”¬[0m  
 [38;5;240m  â”‚[0m                  [31mâ•°[0m[31mâ”€[0m[31mâ”€[0m Duplicate argument `x`
[38;5;246mâ”€â”€â”€â•¯[0m
[31mError:[0m No main function found

