---
source: tests/generated_from_inputs.rs
description: "foo() {}\n"
---
[31mError:[0m Syntax error
   [38;5;246mâ•­[0m[38;5;246mâ”€[0m[38;5;246m[[0mbad005:1:4[38;5;246m][0m
   [38;5;246mâ”‚[0m
 [38;5;246m1 â”‚[0m [38;5;249mf[0m[38;5;249mo[0m[38;5;249mo[0m[31m([0m[38;5;249m)[0m[38;5;249m [0m[38;5;249m{[0m[38;5;249m}[0m
 [38;5;246m  Â·[0m    [31mâ”¬[0m  
 [38;5;246m  Â·[0m    [31mâ•°[0m[31mâ”€[0m[31mâ”€[0m Unrecognized token `LParen`
 [38;5;246m  Â·[0m    [31mâ”‚[0m  
 [38;5;246m  Â·[0m    [31mâ•°[0m[31mâ”€[0m[31mâ”€[0m Expected one of: "ident"
[38;5;246mâ”€â”€â”€â•¯[0m

