---
source: tests/generated_from_inputs.rs
description: "int main() {\n        x = 14;\n\treturn 0 ;\n}\n"
---
[31mError:[0m Type error
   [38;5;246mâ•­[0m[38;5;246mâ”€[0m[38;5;246m[[0mbad006:2:9[38;5;246m][0m
   [38;5;246mâ”‚[0m
 [38;5;246m2 â”‚[0m [38;5;249m [0m[38;5;249m [0m[38;5;249m [0m[38;5;249m [0m[38;5;249m [0m[38;5;249m [0m[38;5;249m [0m[38;5;249m [0m[31mx[0m[38;5;249m [0m[38;5;249m=[0m[38;5;249m [0m[38;5;249m1[0m[38;5;249m4[0m[38;5;249m;[0m
 [38;5;240m  â”‚[0m         [31mâ”¬[0m  
 [38;5;240m  â”‚[0m         [31mâ•°[0m[31mâ”€[0m[31mâ”€[0m Unknown variable `x`
[38;5;246mâ”€â”€â”€â•¯[0m

