---
source: tests/generated_from_inputs.rs
description: "int main() {\n        int x;\n        int x;\n\treturn 0 ;\n}\n"
---
[31mError:[0m Type error
   [38;5;246mâ•­[0m[38;5;246mâ”€[0m[38;5;246m[[0mbad007:3:13[38;5;246m][0m
   [38;5;246mâ”‚[0m
 [38;5;246m3 â”‚[0m [38;5;249m [0m[38;5;249m [0m[38;5;249m [0m[38;5;249m [0m[38;5;249m [0m[38;5;249m [0m[38;5;249m [0m[38;5;249m [0m[38;5;249mi[0m[38;5;249mn[0m[38;5;249mt[0m[38;5;249m [0m[31mx[0m[38;5;249m;[0m
 [38;5;240m  â”‚[0m             [31mâ”¬[0m  
 [38;5;240m  â”‚[0m             [31mâ•°[0m[31mâ”€[0m[31mâ”€[0m Redeclaration of `x`
 [38;5;240m  â”‚[0m             [31mâ”‚[0m  
 [38;5;240m  â”‚[0m             [31mâ•°[0m[31mâ”€[0m[31mâ”€[0m Previous declaration of `x`
[38;5;246mâ”€â”€â”€â•¯[0m

