---
source: tests/generated_from_inputs.rs
description: "int main() {\n     int i = foo(true);\n     return 0 ;\n}\n\nint foo(boolean b) { b = true; }\n"
---
[31mError:[0m Type error
   [38;5;246mâ•­[0m[38;5;246mâ”€[0m[38;5;246m[[0mbad012:6:20[38;5;246m][0m
   [38;5;246mâ”‚[0m
 [38;5;246m6 â”‚[0m [38;5;249mi[0m[38;5;249mn[0m[38;5;249mt[0m[38;5;249m [0m[38;5;249mf[0m[38;5;249mo[0m[38;5;249mo[0m[38;5;249m([0m[38;5;249mb[0m[38;5;249mo[0m[38;5;249mo[0m[38;5;249ml[0m[38;5;249me[0m[38;5;249ma[0m[38;5;249mn[0m[38;5;249m [0m[38;5;249mb[0m[38;5;249m)[0m[38;5;249m [0m[31m{[0m[31m [0m[31mb[0m[31m [0m[31m=[0m[31m [0m[31mt[0m[31mr[0m[31mu[0m[31me[0m[31m;[0m[31m [0m[31m}[0m
 [38;5;240m  â”‚[0m                    [31mâ”€[0m[31mâ”€[0m[31mâ”€[0m[31mâ”€[0m[31mâ”€[0m[31mâ”€[0m[31mâ”¬[0m[31mâ”€[0m[31mâ”€[0m[31mâ”€[0m[31mâ”€[0m[31mâ”€[0m[31mâ”€[0m  
 [38;5;240m  â”‚[0m                          [31mâ•°[0m[31mâ”€[0m[31mâ”€[0m[31mâ”€[0m[31mâ”€[0m[31mâ”€[0m[31mâ”€[0m[31mâ”€[0m[31mâ”€[0m Missing return statement
[38;5;246mâ”€â”€â”€â•¯[0m

