---
source: tests/generated_from_inputs.rs
description: "int main() {\n    printInt(5 % 3);\n    printInt(-5 % 3); // -2 - sic!\n    return 0;\n}\n"
---

