---
source: tests/generated_from_inputs.rs
description: "void test(int arg) {\n    arg++;\n    printInt(arg);\n}\n\nint main() {\n    test(1);\n    test(42);\n    return 0;\n}\n"
---
; ModuleID = 'mutable_argument'
source_filename = "mutable_argument"

@dnl = private unnamed_addr constant [4 x i8] c"%d\0A\00", align 1

declare i32 @printf(ptr, ...)

define void @printInt(i32 %0) {
entry:
  %call = call i32 (ptr, ...) @printf(ptr @dnl, i32 %0)
  ret void
}

define i32 @main() {
b0:
  call void @test(i32 1)
  call void @test(i32 42)
  ret i32 0
}

define void @test(i32 %0) {
b0:
  %v2 = add i32 %0, 1
  call void @printInt(i32 %0)
  ret void
}

