---
source: tests/generated_from_inputs.rs
description: "/* Test boolean operators. */\n\nint main() {\n  printString(\"&&\");\n  printBool(test(-1) && test(0));\n  printBool(test(-2) && test(1));\n  printBool(test(3) && test(-5));\n  printBool(test(234234) && test(21321));\n  printString(\"||\");\n  printBool(test(-1) || test(0));\n  printBool(test(-2) || test(1));\n  printBool(test(3) || test(-5));\n  printBool(test(234234) || test(21321));\n  printString(\"!\");\n  printBool(true);\n  printBool(false);\n  return 0 ;\n\n}\n\nvoid printBool(boolean b) {\n  if (!b) {\n    printString(\"false\");\n  } else {\n    printString(\"true\");\n }\n return;\n}\n\nboolean test(int i) {\n  printInt(i);\n  return i > 0;\n}"
---
; ModuleID = 'core013'
source_filename = "core013"

%string = type { ptr, i32, i32 }

declare void @printInt(i32)

declare void @printString(ptr)

declare i32 @readInt()

declare ptr @readString()

declare void @error()

define i32 @main() {
b0:
  %buf = tail call ptr @malloc(i32 mul (i32 ptrtoint (ptr getelementptr (i8, ptr null, i32 1) to i32), i32 2))
  store [2 x i8] c"&&", ptr %buf, align 1
  %string = tail call ptr @malloc(i32 ptrtoint (ptr getelementptr (%string, ptr null, i32 1) to i32))
  %buf_ptr = getelementptr inbounds %string, ptr %string, i32 0, i32 0
  %len_ptr = getelementptr inbounds %string, ptr %string, i32 0, i32 1
  %len_ptr1 = getelementptr inbounds %string, ptr %string, i32 0, i32 2
  store ptr %buf, ptr %buf_ptr, align 8
  store i32 2, ptr %len_ptr, align 4
  store i32 2, ptr %len_ptr1, align 4
  call void @printString(ptr %string)
  %test = call i1 @test(i32 -1)
  br i1 %test, label %b2, label %b3

b1:                                               ; preds = %b2
  br label %b4

b2:                                               ; preds = %b0
  %test2 = call i1 @test(i32 0)
  br i1 %test2, label %b1, label %b3

b3:                                               ; preds = %b2, %b0
  br label %b4

b4:                                               ; preds = %b3, %b1
  %v9 = phi i1 [ true, %b1 ], [ false, %b3 ]
  call void @printBool(i1 %v9)
  %test3 = call i1 @test(i32 -2)
  br i1 %test3, label %b6, label %b7

b5:                                               ; preds = %b6
  br label %b8

b6:                                               ; preds = %b4
  %test4 = call i1 @test(i32 1)
  br i1 %test4, label %b5, label %b7

b7:                                               ; preds = %b6, %b4
  br label %b8

b8:                                               ; preds = %b7, %b5
  %v18 = phi i1 [ true, %b5 ], [ false, %b7 ]
  call void @printBool(i1 %v18)
  %test5 = call i1 @test(i32 3)
  br i1 %test5, label %b10, label %b11

b9:                                               ; preds = %b10
  br label %b12

b10:                                              ; preds = %b8
  %test6 = call i1 @test(i32 -5)
  br i1 %test6, label %b9, label %b11

b11:                                              ; preds = %b10, %b8
  br label %b12

b12:                                              ; preds = %b11, %b9
  %v27 = phi i1 [ true, %b9 ], [ false, %b11 ]
  call void @printBool(i1 %v27)
  %test7 = call i1 @test(i32 234234)
  br i1 %test7, label %b14, label %b15

b13:                                              ; preds = %b14
  br label %b16

b14:                                              ; preds = %b12
  %test8 = call i1 @test(i32 21321)
  br i1 %test8, label %b13, label %b15

b15:                                              ; preds = %b14, %b12
  br label %b16

b16:                                              ; preds = %b15, %b13
  %v35 = phi i1 [ true, %b13 ], [ false, %b15 ]
  call void @printBool(i1 %v35)
  %buf9 = tail call ptr @malloc(i32 mul (i32 ptrtoint (ptr getelementptr (i8, ptr null, i32 1) to i32), i32 2))
  store [2 x i8] c"||", ptr %buf9, align 1
  %string10 = tail call ptr @malloc(i32 ptrtoint (ptr getelementptr (%string, ptr null, i32 1) to i32))
  %buf_ptr11 = getelementptr inbounds %string, ptr %string10, i32 0, i32 0
  %len_ptr12 = getelementptr inbounds %string, ptr %string10, i32 0, i32 1
  %len_ptr13 = getelementptr inbounds %string, ptr %string10, i32 0, i32 2
  store ptr %buf9, ptr %buf_ptr11, align 8
  store i32 2, ptr %len_ptr12, align 4
  store i32 2, ptr %len_ptr13, align 4
  call void @printString(ptr %string10)
  %test14 = call i1 @test(i32 -1)
  br i1 %test14, label %b17, label %b18

b17:                                              ; preds = %b18, %b16
  br label %b20

b18:                                              ; preds = %b16
  %test15 = call i1 @test(i32 0)
  br i1 %test15, label %b17, label %b19

b19:                                              ; preds = %b18
  br label %b20

b20:                                              ; preds = %b19, %b17
  %v46 = phi i1 [ true, %b17 ], [ false, %b19 ]
  call void @printBool(i1 %v46)
  %test16 = call i1 @test(i32 -2)
  br i1 %test16, label %b21, label %b22

b21:                                              ; preds = %b22, %b20
  br label %b24

b22:                                              ; preds = %b20
  %test17 = call i1 @test(i32 1)
  br i1 %test17, label %b21, label %b23

b23:                                              ; preds = %b22
  br label %b24

b24:                                              ; preds = %b23, %b21
  %v55 = phi i1 [ true, %b21 ], [ false, %b23 ]
  call void @printBool(i1 %v55)
  %test18 = call i1 @test(i32 3)
  br i1 %test18, label %b25, label %b26

b25:                                              ; preds = %b26, %b24
  br label %b28

b26:                                              ; preds = %b24
  %test19 = call i1 @test(i32 -5)
  br i1 %test19, label %b25, label %b27

b27:                                              ; preds = %b26
  br label %b28

b28:                                              ; preds = %b27, %b25
  %v64 = phi i1 [ true, %b25 ], [ false, %b27 ]
  call void @printBool(i1 %v64)
  %test20 = call i1 @test(i32 234234)
  br i1 %test20, label %b29, label %b30

b29:                                              ; preds = %b30, %b28
  br label %b32

b30:                                              ; preds = %b28
  %test21 = call i1 @test(i32 21321)
  br i1 %test21, label %b29, label %b31

b31:                                              ; preds = %b30
  br label %b32

b32:                                              ; preds = %b31, %b29
  %v72 = phi i1 [ true, %b29 ], [ false, %b31 ]
  call void @printBool(i1 %v72)
  %buf22 = tail call ptr @malloc(i32 ptrtoint (ptr getelementptr (i8, ptr null, i32 1) to i32))
  store [1 x i8] c"!", ptr %buf22, align 1
  %string23 = tail call ptr @malloc(i32 ptrtoint (ptr getelementptr (%string, ptr null, i32 1) to i32))
  %buf_ptr24 = getelementptr inbounds %string, ptr %string23, i32 0, i32 0
  %len_ptr25 = getelementptr inbounds %string, ptr %string23, i32 0, i32 1
  %len_ptr26 = getelementptr inbounds %string, ptr %string23, i32 0, i32 2
  store ptr %buf22, ptr %buf_ptr24, align 8
  store i32 1, ptr %len_ptr25, align 4
  store i32 1, ptr %len_ptr26, align 4
  call void @printString(ptr %string23)
  call void @printBool(i1 true)
  call void @printBool(i1 false)
  ret i32 0
}

define void @printBool(i1 %0) {
b0:
  %v1 = xor i1 %0, true
  br i1 %v1, label %b1, label %b2

b1:                                               ; preds = %b0
  %buf = tail call ptr @malloc(i32 mul (i32 ptrtoint (ptr getelementptr (i8, ptr null, i32 1) to i32), i32 5))
  store [5 x i8] c"false", ptr %buf, align 1
  %string = tail call ptr @malloc(i32 ptrtoint (ptr getelementptr (%string, ptr null, i32 1) to i32))
  %buf_ptr = getelementptr inbounds %string, ptr %string, i32 0, i32 0
  %len_ptr = getelementptr inbounds %string, ptr %string, i32 0, i32 1
  %len_ptr1 = getelementptr inbounds %string, ptr %string, i32 0, i32 2
  store ptr %buf, ptr %buf_ptr, align 8
  store i32 5, ptr %len_ptr, align 4
  store i32 5, ptr %len_ptr1, align 4
  call void @printString(ptr %string)
  br label %b3

b2:                                               ; preds = %b0
  %buf2 = tail call ptr @malloc(i32 mul (i32 ptrtoint (ptr getelementptr (i8, ptr null, i32 1) to i32), i32 4))
  store [4 x i8] c"true", ptr %buf2, align 1
  %string3 = tail call ptr @malloc(i32 ptrtoint (ptr getelementptr (%string, ptr null, i32 1) to i32))
  %buf_ptr4 = getelementptr inbounds %string, ptr %string3, i32 0, i32 0
  %len_ptr5 = getelementptr inbounds %string, ptr %string3, i32 0, i32 1
  %len_ptr6 = getelementptr inbounds %string, ptr %string3, i32 0, i32 2
  store ptr %buf2, ptr %buf_ptr4, align 8
  store i32 4, ptr %len_ptr5, align 4
  store i32 4, ptr %len_ptr6, align 4
  call void @printString(ptr %string3)
  br label %b3

b3:                                               ; preds = %b2, %b1
  ret void
}

define i1 @test(i32 %0) {
b0:
  call void @printInt(i32 %0)
  %v3 = icmp sgt i32 %0, 0
  ret i1 %v3
}

declare noalias ptr @malloc(i32)

