---
source: tests/generated_from_inputs.rs
description: "void test(int param) {\n    param++;\n    printInt(param);\n}\n\nint main() {\n    int a = 1;\n    test(a);\n    printInt(a);\n    return 0;\n}"
---
; ModuleID = 'call_by_value'
source_filename = "call_by_value"

%string = type { ptr, i32, i32 }

@dnl = private unnamed_addr constant [4 x i8] c"%d\0A\00", align 1
@snl = private unnamed_addr constant [6 x i8] c"%.*s\0A\00", align 1

declare i32 @printf(ptr, ...)

define void @printInt(i32 %0) {
entry:
  %call = call i32 (ptr, ...) @printf(ptr @dnl, i32 %0)
  ret void
}

define void @printString(ptr %0) {
entry:
  %buf_ptr = getelementptr inbounds %string, ptr %0, i32 0, i32 0
  %len_ptr = getelementptr inbounds %string, ptr %0, i32 0, i32 1
  %buf = load ptr, ptr %buf_ptr, align 8
  %len = load i32, ptr %len_ptr, align 4
  %call = call i32 (ptr, ...) @printf(ptr @snl, i32 %len, ptr %buf)
  ret void
}

define i32 @main() {
b0:
  call void @test(i32 1)
  call void @printInt(i32 1)
  ret i32 0
}

define void @test(i32 %0) {
b0:
  %v2 = add i32 %0, 1
  call void @printInt(i32 %v2)
  ret void
}

