---
source: tests/generated_from_inputs.rs
description: "// passing integers to printString().\n\nint main() {\n\tprintString(1);\n\treturn 0 ;\n}\n"
---
[31mError:[0m Type error
   [38;5;246mâ•­[0m[38;5;246mâ”€[0m[38;5;246m[[0mbad016:4:14[38;5;246m][0m
   [38;5;246mâ”‚[0m
 [38;5;246m4 â”‚[0m [38;5;249m [0m[38;5;249m [0m[38;5;249m [0m[38;5;249m [0m[38;5;249mp[0m[38;5;249mr[0m[38;5;249mi[0m[38;5;249mn[0m[38;5;249mt[0m[38;5;249mS[0m[38;5;249mt[0m[38;5;249mr[0m[38;5;249mi[0m[38;5;249mn[0m[38;5;249mg[0m[38;5;249m([0m[31m1[0m[38;5;249m)[0m[38;5;249m;[0m
 [38;5;246m  Â·[0m                 [31mâ”¬[0m  
 [38;5;246m  Â·[0m                 [31mâ•°[0m[31mâ”€[0m[31mâ”€[0m Type mismatch: expected `string`, found `int`
[38;5;246mâ”€â”€â”€â•¯[0m

