---
source: tests/generated_from_inputs.rs
description: "/* void expression as statement */\n\nint main() {\n  foo();\n  return 0 ;\n\n}\n\nvoid foo() {\n   printString(\"foo\");\n   return;\n}\n"
---
; ModuleID = 'core002'
source_filename = "core002"

%string = type { ptr, i32, i32 }

@dnl = private unnamed_addr constant [4 x i8] c"%d\0A\00", align 1
@snl = private unnamed_addr constant [6 x i8] c"%.*s\0A\00", align 1

declare i32 @printf(ptr, ...)

define void @printInt(i32 %0) {
entry:
  %call = call i32 (ptr, ...) @printf(ptr @dnl, i32 %0)
  ret void
}

define void @printString(ptr %0) {
entry:
  %buf_ptr = getelementptr inbounds %string, ptr %0, i32 0, i32 0
  %len_ptr = getelementptr inbounds %string, ptr %0, i32 0, i32 1
  %buf = load i8, ptr %buf_ptr, align 1
  %len = load i32, ptr %len_ptr, align 4
  %call = call i32 (ptr, ...) @printf(ptr @snl, i32 %len, i8 %buf)
  ret void
}

define void @foo() {
b0:
  %buf = tail call ptr @malloc(i32 mul (i32 ptrtoint (ptr getelementptr (i8, ptr null, i32 1) to i32), i32 5))
  store [5 x i8] c"\22foo\22", ptr %buf, align 1
  %string = tail call ptr @malloc(i32 ptrtoint (ptr getelementptr (%string, ptr null, i32 1) to i32))
  %buf_ptr = getelementptr inbounds %string, ptr %string, i32 0, i32 0
  %len_ptr = getelementptr inbounds %string, ptr %string, i32 0, i32 1
  %len_ptr1 = getelementptr inbounds %string, ptr %string, i32 0, i32 2
  store ptr %buf, ptr %buf_ptr, align 8
  store i32 5, ptr %len_ptr, align 4
  store i32 5, ptr %len_ptr1, align 4
  call void @printString(ptr %string)
  ret void
}

define i32 @main() {
b0:
  call void @foo()
  ret i32 0
}

declare noalias ptr @malloc(i32)

